// Jest Snapshot v1, https://goo.gl/fbAQLP

exports[`Check for Getting Started Text 1`] = `
<div>
  <main>
    <h1>
      Stock Comparison
    </h1>
  </main>
</div>
`;
