// Jest Snapshot v1, https://goo.gl/fbAQLP

exports[`<Home /> renders correctly 1`] = `
<div>
  <div
    class="rnc__base "
  >
    <div
      class="rnc__notification-container--top-full"
    />
    <div
      class="rnc__notification-container--bottom-full"
    />
    <div
      class="rnc__notification-container--top-left"
    />
    <div
      class="rnc__notification-container--top-right"
    />
    <div
      class="rnc__notification-container--bottom-left"
    />
    <div
      class="rnc__notification-container--bottom-right"
    />
    <div
      class="rnc__notification-container--top-center"
    />
    <div
      class="rnc__notification-container--center"
    >
      <div
        class="rnc__util--flex-center"
      />
    </div>
    <div
      class="rnc__notification-container--bottom-center"
    />
  </div>
  <main>
    <header>
      <h1>
        Stock Comparison
      </h1>
      <p>
        Search and select up to 3 stocks to compare.
      </p>
    </header>
    <section />
  </main>
</div>
`;
